---
source: src/tests/regenerate_unaudited.rs
expression: unaudited
---

