---
source: src/tests/vet.rs
expression: output
---
Vetting Succeeded (6 fully audited)

