---
source: src/tests/vet.rs
expression: output
---
Vetting Succeeded (2 fully audited, 1 unaudited)

