---
source: src/tests/vet.rs
expression: json
---
{
  "conclusion": "fail (vetting)",
  "failures": [
    {
      "name": "third-core",
      "version": "10.0.0",
      "missing_criteria": [
        "safe-to-deploy"
      ]
    },
    {
      "name": "third-core",
      "version": "5.0.0",
      "missing_criteria": [
        "safe-to-deploy"
      ]
    },
    {
      "name": "thirdA",
      "version": "10.0.0",
      "missing_criteria": [
        "safe-to-deploy"
      ]
    },
    {
      "name": "thirdAB",
      "version": "10.0.0",
      "missing_criteria": [
        "safe-to-deploy"
      ]
    }
  ],
  "suggest": {
    "suggestions": [
      {
        "name": "third-core",
        "notable_parents": "firstA",
        "suggested_criteria": [
          "safe-to-deploy"
        ],
        "suggested_diff": {
          "from": null,
          "to": "5.0.0",
          "diffstat": {
            "raw": "+25",
            "count": 25
          }
        }
      },
      {
        "name": "third-core",
        "notable_parents": "firstB, thirdA, thirdAB",
        "suggested_criteria": [
          "safe-to-deploy"
        ],
        "suggested_diff": {
          "from": null,
          "to": "10.0.0",
          "diffstat": {
            "raw": "+100",
            "count": 100
          }
        }
      },
      {
        "name": "thirdA",
        "notable_parents": "firstA",
        "suggested_criteria": [
          "safe-to-deploy"
        ],
        "suggested_diff": {
          "from": null,
          "to": "10.0.0",
          "diffstat": {
            "raw": "+100",
            "count": 100
          }
        }
      },
      {
        "name": "thirdAB",
        "notable_parents": "firstAB",
        "suggested_criteria": [
          "safe-to-deploy"
        ],
        "suggested_diff": {
          "from": null,
          "to": "10.0.0",
          "diffstat": {
            "raw": "+100",
            "count": 100
          }
        }
      }
    ],
    "suggest_by_criteria": {
      "safe-to-deploy": [
        {
          "name": "third-core",
          "notable_parents": "firstA",
          "suggested_criteria": [
            "safe-to-deploy"
          ],
          "suggested_diff": {
            "from": null,
            "to": "5.0.0",
            "diffstat": {
              "raw": "+25",
              "count": 25
            }
          }
        },
        {
          "name": "third-core",
          "notable_parents": "firstB, thirdA, thirdAB",
          "suggested_criteria": [
            "safe-to-deploy"
          ],
          "suggested_diff": {
            "from": null,
            "to": "10.0.0",
            "diffstat": {
              "raw": "+100",
              "count": 100
            }
          }
        },
        {
          "name": "thirdA",
          "notable_parents": "firstA",
          "suggested_criteria": [
            "safe-to-deploy"
          ],
          "suggested_diff": {
            "from": null,
            "to": "10.0.0",
            "diffstat": {
              "raw": "+100",
              "count": 100
            }
          }
        },
        {
          "name": "thirdAB",
          "notable_parents": "firstAB",
          "suggested_criteria": [
            "safe-to-deploy"
          ],
          "suggested_diff": {
            "from": null,
            "to": "10.0.0",
            "diffstat": {
              "raw": "+100",
              "count": 100
            }
          }
        }
      ]
    },
    "total_lines": 325
  }
}
