---
source: src/tests/store_parsing.rs
expression: acquire_errors
---

