---
source: src/tests/vet.rs
expression: output
---
Vetting Succeeded (4 unaudited)

