---
source: src/tests/vet.rs
expression: output
---
Vetting Failed!

1 unvetted dependencies:
  third-party1:10.0.0 missing ["reviewed"]

recommended audits for reviewed:
    cargo vet diff third-party1 11.0.0 10.0.0  (used by first-party)  (-21)

estimated audit backlog: 21 lines

Use |cargo vet certify| to record the audits.

