---
source: src/tests/vet.rs
expression: output
---
Vetting Succeeded (3 fully audited, 1 unaudited)

