---
source: src/tests/vet.rs
expression: output
---
Vetting Succeeded (5 fully audited, 1 partially audited)

