---
source: src/tests/vet.rs
expression: output
---
Vetting Succeeded (1 fully audited, 3 exempted)

