---
source: src/tests/vet.rs
expression: json
---
{
  "conclusion": "fail (vetting)",
  "failures": [
    {
      "name": "root-package",
      "version": "10.0.0",
      "missing_criteria": [
        "safe-to-deploy"
      ]
    }
  ],
  "suggest": {
    "suggestions": [
      {
        "name": "root-package",
        "notable_parents": "",
        "suggested_criteria": [
          "safe-to-deploy"
        ],
        "suggested_diff": {
          "from": null,
          "to": "10.0.0",
          "diffstat": {
            "raw": "+100",
            "count": 100
          }
        }
      }
    ],
    "suggest_by_criteria": {
      "safe-to-deploy": [
        {
          "name": "root-package",
          "notable_parents": "",
          "suggested_criteria": [
            "safe-to-deploy"
          ],
          "suggested_diff": {
            "from": null,
            "to": "10.0.0",
            "diffstat": {
              "raw": "+100",
              "count": 100
            }
          }
        }
      ]
    },
    "total_lines": 100
  }
}
