---
source: src/tests/violations.rs
expression: output
---
Vetting Succeeded (6 fully audited)

