---
source: src/tests/vet.rs
expression: output
---
Vetting Failed!

1 unvetted dependencies:
  third-core:5.0.0 missing ["reviewed"]

recommended audits for reviewed:
    cargo vet inspect third-core 5.0.0  (used by firstA)  (25 lines)

estimated audit backlog: 25 lines

Use |cargo vet certify| to record the audits.

