---
source: src/tests/vet.rs
expression: output
---
Vetting Succeeded (3 unaudited)

