---
source: tests/test-cli.rs
expression: format_outputs(&output)
---
stdout:

stderr:

  Ã— 'asdfsdfs' isn't one of your foreign packages

