---
source: src/tests.rs
expression: output
---
Violations Found!
  third-party1:10.0.0
    the unaudited 10.0.0
      criteria: ["reviewed"]
    conflicts with own violation against =10
      criteria: ["weak-reviewed"]


