---
source: src/tests.rs
expression: output
---
Vetting Succeeded (6 fully audited)

